Epoch 0 ,loss: 0.76533066829
Epoch 5 ,loss: 0.00529860671022
Epoch 10 ,loss: 0.00335539572786
Epoch 15 ,loss: 0.00181271965691
Epoch 20 ,loss: 0.00127123720013
Epoch 25 ,loss: 0.00109006973703
Epoch 30 ,loss: 0.00101800318262
Epoch 35 ,loss: 0.0009842878054
Epoch 40 ,loss: 0.000985619528483
Epoch 45 ,loss: 0.00100231979724
Epoch 50 ,loss: 0.000991775001092
